src/components/Gallery.tsx(7,10): error TS2305: Module '"@/lib/data"' has no exported member 'GALLERY_DATA'.
src/components/Gallery.tsx(66,32): error TS7006: Parameter 'item' implicitly has an 'any' type.
src/components/Gallery.tsx(66,38): error TS7006: Parameter 'idx' implicitly has an 'any' type.
